[debug] [2026-07-19T03:22:30.276Z] ----------------------------------------------------------------------
[debug] [2026-07-19T03:22:30.279Z] Command:       C:\Program Files\nodejs\node.exe C:\Users\PC2\AppData\Roaming\npm\node_modules\firebase-tools\lib\bin\firebase.js init
[debug] [2026-07-19T03:22:30.279Z] CLI Version:   15.24.0
[debug] [2026-07-19T03:22:30.279Z] Platform:      win32
[debug] [2026-07-19T03:22:30.279Z] Node Version:  v24.16.0
[debug] [2026-07-19T03:22:30.279Z] Detected Agent: unknown
[debug] [2026-07-19T03:22:30.279Z] Time:          Sun Jul 19 2026 06:22:30 GMT+0300 (توقيت شرق أوروبا الصيفي)
[debug] [2026-07-19T03:22:30.279Z] ----------------------------------------------------------------------
[debug] 
[debug] [2026-07-19T03:22:30.291Z] >>> [apiv2][query] GET https://firebase-public.firebaseio.com/cli.json [none]
[info] 
     ######## #### ########  ######## ########     ###     ######  ########
     ##        ##  ##     ## ##       ##     ##  ##   ##  ##       ##
     ######    ##  ########  ######   ########  #########  ######  ######
     ##        ##  ##    ##  ##       ##     ## ##     ##       ## ##
     ##       #### ##     ## ######## ########  ##     ##  ######  ########

You're about to initialize a Firebase project in this directory:

  D:\Zyad\laragon\www

[debug] [2026-07-19T03:22:33.255Z] <<< [apiv2][status] GET https://firebase-public.firebaseio.com/cli.json 200
[debug] [2026-07-19T03:22:33.255Z] <<< [apiv2][body] GET https://firebase-public.firebaseio.com/cli.json {"cloudBuildErrorAfter":1594252800000,"cloudBuildWarnAfter":1590019200000,"defaultNode10After":1594252800000,"minVersion":"3.0.5","node8DeploysDisabledAfter":1613390400000,"node8RuntimeDisabledAfter":1615809600000,"node8WarnAfter":1600128000000}
[info] 
=== Project Setup
[info] 
[info] First, let's associate this project directory with a Firebase project.
[info] You can create multiple project aliases by running firebase use --add, 
[info] 
[debug] [2026-07-19T03:23:14.258Z] > command requires scopes: ["email","openid","https://www.googleapis.com/auth/cloudplatformprojects.readonly","https://www.googleapis.com/auth/firebase","https://www.googleapis.com/auth/cloud-platform"]
[debug] [2026-07-19T03:23:14.259Z] > authorizing via signed-in user (zyadgamal796@gmail.com)
[debug] [2026-07-19T03:23:14.260Z] Checked if tokens are valid: false, expires at: 1784340936076
[debug] [2026-07-19T03:23:14.261Z] Checked if tokens are valid: false, expires at: 1784340936076
[debug] [2026-07-19T03:23:14.261Z] > refreshing access token with scopes: []
[debug] [2026-07-19T03:23:14.264Z] >>> [apiv2][query] POST https://www.googleapis.com/oauth2/v3/token [none]
[debug] [2026-07-19T03:23:14.264Z] >>> [apiv2][body] POST https://www.googleapis.com/oauth2/v3/token [omitted]
[debug] [2026-07-19T03:23:14.485Z] <<< [apiv2][status] POST https://www.googleapis.com/oauth2/v3/token 200
[debug] [2026-07-19T03:23:14.486Z] <<< [apiv2][body] POST https://www.googleapis.com/oauth2/v3/token [omitted]
[debug] [2026-07-19T03:23:14.496Z] >>> [apiv2][query] GET https://firebase.googleapis.com/v1beta1/projects pageSize=100
[debug] [2026-07-19T03:23:15.132Z] <<< [apiv2][status] GET https://firebase.googleapis.com/v1beta1/projects 200
[debug] [2026-07-19T03:23:15.132Z] <<< [apiv2][body] GET https://firebase.googleapis.com/v1beta1/projects [omitted]
[info] 
=== Firestore Setup
[info] i  firestore: ensuring required API firestore.googleapis.com is enabled... 
[debug] [2026-07-19T03:23:17.239Z] Checked if tokens are valid: true, expires at: 1784434993486
[debug] [2026-07-19T03:23:17.239Z] Checked if tokens are valid: true, expires at: 1784434993486
[debug] [2026-07-19T03:23:17.240Z] >>> [apiv2][query] GET https://firestore.googleapis.com/v1/projects/z-syst/databases [none]
[debug] [2026-07-19T03:23:17.910Z] <<< [apiv2][status] GET https://firestore.googleapis.com/v1/projects/z-syst/databases 200
[debug] [2026-07-19T03:23:17.910Z] <<< [apiv2][body] GET https://firestore.googleapis.com/v1/projects/z-syst/databases {"databases":[{"name":"projects/z-syst/databases/default","uid":"3778e1f0-45e5-4ea0-9437-7ce10c55626e","createTime":"2026-06-29T02:10:25.812684Z","updateTime":"2026-06-29T02:10:25.812684Z","locationId":"us-central1","type":"FIRESTORE_NATIVE","concurrencyMode":"OPTIMISTIC","versionRetentionPeriod":"3600s","earliestVersionTime":"2026-07-19T02:23:18.342212Z","appEngineIntegrationMode":"DISABLED","pointInTimeRecoveryEnablement":"POINT_IN_TIME_RECOVERY_DISABLED","deleteProtectionState":"DELETE_PROTECTION_DISABLED","databaseEdition":"ENTERPRISE","freeTier":true,"realtimeUpdatesMode":"REALTIME_UPDATES_MODE_ENABLED","firestoreDataAccessMode":"DATA_ACCESS_MODE_ENABLED","mongodbCompatibleDataAccessMode":"DATA_ACCESS_MODE_DISABLED","etag":"IOPw6/zk3ZUDMNHQ/d+L25UD"}]}
[info] 
[info] Firestore Security Rules allow you to define how and when to allow
[info] requests. You can keep these rules in your project directory
[info] and publish them with firebase deploy.
[info] 
[debug] [2026-07-19T04:03:42.111Z] ExitPromptError: User force closed the prompt with SIGINT
    at Interface.sigint (C:\Users\PC2\AppData\Roaming\npm\node_modules\firebase-tools\node_modules\@inquirer\core\dist\commonjs\lib\create-prompt.js:101:37)
    at Interface.emit (node:events:509:28)
    at [_ttyWrite] [as _ttyWrite] (node:internal/readline/interface:1327:18)
    at ReadStream.onkeypress (node:internal/readline/interface:284:20)
    at ReadStream.emit (node:events:521:24)
    at emitKeys (node:internal/readline/utils:371:14)
    at emitKeys.next (<anonymous>)
    at ReadStream.onData (node:internal/readline/emitKeypressEvents:64:36)
    at ReadStream.emit (node:events:509:28)
    at addChunk (node:internal/streams/readable:563:12)
[error] 
[error] Error: An unexpected error has occurred.
